// 重构日志: b8904d06
// 重构日志: b9759512
// 重构日志: c6ef124d
// 重构日志: 8843ff35
// 同步 ID: 600333ed @ Sat Jul 18 08:43:49 UTC 2026
// 重构日志: 27383d86
// 重构日志: 6a3ca182
// 重构日志: 5025ec78
// 重构日志: 03edf94a
// 重构日志: 3dced686
// 重构日志: e3be3967
// 同步 ID: 5918f678 @ Sun Jul 19 23:19:49 UTC 2026
// 重构日志: 6699efda
// 同步 ID: 6b9835b8 @ Tue Jul 21 08:25:33 UTC 2026
// 同步 ID: 5f2f6467 @ Tue Jul 21 23:46:49 UTC 2026
// 重构日志: 96890a75
// 同步 ID: 862c5378 @ Thu Jul 23 15:49:06 UTC 2026
// 重构日志: 47a40b8c
// 同步 ID: d097df40 @ Fri Jul 24 11:10:16 UTC 2026
// 同步 ID: 6012e9ea @ Fri Jul 24 13:19:50 UTC 2026
// 同步 ID: b2f05796 @ Fri Jul 24 15:16:35 UTC 2026
// 重构日志: 77844283
// 重构日志: 41d855f4
// 重构日志: 8e3da43e
// 重构日志: 322f4c7a
// 重构日志: a7cc75b2
// 重构日志: 62d6193f
// 同步 ID: d5e96723 @ Sun Jul 26 13:16:14 UTC 2026
// 同步 ID: a57daf67 @ Sun Jul 26 14:27:10 UTC 2026
// 同步 ID: c17e0bc2 @ Mon Jul 27 01:28:58 UTC 2026
// 重构日志: 4efb84f8
// 重构日志: e2ed9dd7
// 重构日志: a94367fb
// 重构日志: 88c2acf4
